// Bun Snapshot v1, https://bun.sh/docs/test/snapshots

exports[`command snapshot: /implement-spec should match snapshot 1`] = `
"---
name: "/implement-spec"
description: "Implement spec using specialized subagents and verify implementation"
mode: "multi-agent"
dependencies:
  commands:
    - "/implement-task"
  subagents:
    - "implementation/implementer"
    - "implementation/verifier"
---

# Spec Implementation Process

Now that you have a spec and tasks list ready, this command will implement ALL tasks sequentially using the \`/implement-task\` workflow.

**Note:** This is a batch implementation command. For more control, use \`/implement-task [task-id]\` to implement tasks individually.


#### Check spec-machine Version

\`\`\`bash
spec-machine check-version --command /implement-spec
\`\`\`

The command outputs JSON to stdout:

\`\`\`json
{
  "cli": { "current": "v1.0.0", "latest": "v1.1.0" },
  "templates": { "installed": "v1.0.0", "latest": "v1.1.0" },
  "blocked": false,
  "message": "CLI update available (v1.1.0). Run \`spec-machine update\` after this task."
}
\`\`\`

Parse the JSON and check the \`blocked\` field:

IF \`blocked\` == false:
  - Show the \`message\` field to the user (if present)
  - CONTINUE with the command

IF \`blocked\` == true:
  - Show the \`message\` field to the user
  - STOP execution - do not proceed with the command

#### Required Subagents

**Before starting**, verify that all required subagents are available in your current profile.

**STOP HERE** if any of the required subagents listed below are not available.

If any subagent is missing, inform the user:

\`\`\`
⚠️ Cannot execute this command - Missing required subagent(s):
[list the missing ones]

This command requires these subagents to function properly. Please ensure your profile includes them.
\`\`\`

**Only proceed** if all required subagents are available.

**Required:**
- implementation/implementer
- implementation/verifier


⚠️ **STOP HERE - No context-training configured**

This command requires context-training to be configured in your project.

Context training provides:
- Repository-specific specification guidelines
- Domain-specific implementation patterns
- Available implementers and verifiers

**To set up context training:**
1. Run \`/analyze-tech-stack\` to analyze your codebase
2. Run \`/train-context\` to generate context training
3. Run this command again

**Cannot proceed without context training.**


---

## Process Overview

This command orchestrates the implementation of all tasks in a spec by calling \`/implement-task\` for each task sequentially.

**Phases:**
- PHASE 0: Select spec folder
- PHASE 1: Load and validate tasks.md
- PHASE 2: Run \`/implement-task\` for each task sequentially
- PHASE 3: Create implementation summary

Follow each of these phases IN SEQUENCE:

## Multi-Phase Process

**Get the active spec:**

\`\`\`bash
spec-machine get-spec
\`\`\`

**Parse the output:**
- If \`NO_ACTIVE_SPEC=true\` and \`NO_SPECS_FOUND=true\`: Exit with error - no specs to work with
- Otherwise: Extract \`CURRENT_SPEC=[path]\`, \`SPEC_NAME=[name]\`, and \`FOLDER_NAME=[folder]\`
- Always extract \`NEWEST_SPEC=[path]\`, \`NEWEST_SPEC_NAME=[name]\`, and \`NEWEST_SPEC_FOLDER=[folder]\` from output
- Check \`IS_STALE\` flag to determine if active spec is older than newest

**Note:** If no active spec was previously set, \`spec-machine get-spec\` automatically sets the newest spec as active.

**Always ask the user to confirm or change the spec:**

Use the AskUserQuestion tool to prompt the user:

\`\`\`
Question: "Active spec is '[active-folder-name]' ([active-date]). Which spec would you like to use?"

Header: "Select Spec"

Options:
1. Continue with '[active-folder-name]'
   Description: Use the currently active spec

2. Switch to '[newest-folder-name]'
   Description: Switch to the newest spec ([newest-date])

3. Cancel
   Description: Abort this command
\`\`\`

**Note:** If the active spec is stale (\`IS_STALE=true\`), modify the question to: "Active spec '[active-folder-name]' ([active-date]) is older than '[newest-folder-name]' ([newest-date]). Which spec would you like to use?"

**Handle user's response:**
- **Option 1 (Continue)**: Use \`CURRENT_SPEC\` path as-is
- **Option 2 (Switch)**: Run \`spec-machine get-spec [NEWEST_SPEC_NAME]\` to set it active, then re-run \`spec-machine get-spec\` to get updated spec info, and use the new \`CURRENT_SPEC\` path
- **Option 3 (Cancel)**: Stop execution and exit the command

**Validate spec folder exists:**

\`\`\`bash
if [ ! -d "[spec-path]" ]; then
  echo "ERROR: Spec folder not found at [spec-path]"
  exit 1
fi
\`\`\`

**Store the selected spec path as \`[spec-folder-path]\`** for use in subsequent phases.

The \`[spec-folder-path]\` variable will contain the full path to the spec folder (e.g., \`spec-machine/specs/2025-11-18-user-auth\`).


### PHASE 1: Load Tasks

1. **Use the spec folder from Phase 0**

2. **Verify tasks.md exists**:
   - If \`tasks.md\` exists: proceed
   - If not: ERROR - "No tasks file found. Run \`/create-tasks\` first."

3. **Read tasks.md** and identify all tasks:
   - Parse task headers (e.g., "#### Task 1: Title")
   - Extract task IDs (e.g., "1", "2", "3")
   - Check completion status of subtasks for each task

4. **Display task summary**:
   \`\`\`
   📋 Found [X] tasks in spec
   🎯 Ready to implement sequentially
   \`\`\`

5. **Ask user for confirmation**:
   "This will implement all [X] tasks sequentially. This may take significant time. Continue? (yes/no)"
   - If no: abort and suggest \`/implement-task [id]\` for granular control

### PHASE 2: Implement Tasks Sequentially

**IMPORTANT: Implement tasks ONE AT A TIME in order.**

For each task in \`tasks.md\`, run \`/implement-task\` sequentially:

\`\`\`
FOR EACH task (1, 2, 3, ...) in order:
  1. SlashCommand: /implement-task [task-id]
  2. Wait for command to complete fully
  3. Display progress: "✅ Task [id] completed ([completed]/[total] done)"
  4. THEN continue to next task
\`\`\`

**Example execution:**
\`\`\`
SlashCommand: /implement-task 1
  ↓ Wait for completion (implements + verifies)
Display: "✅ Task 1 completed (1/3 done)"
  ↓ Then continue
SlashCommand: /implement-task 2
  ↓ Wait for completion (implements + verifies)
Display: "✅ Task 2 completed (2/3 done)"
  ↓ Then continue
SlashCommand: /implement-task 3
  ↓ Wait for completion (implements + verifies)
Display: "✅ Task 3 completed (3/3 done)"
\`\`\`

**Note:** Each \`/implement-task\` call handles both implementation and verification automatically.

**Do NOT run multiple /implement-task commands in parallel or at once.**

### PHASE 3: Create Implementation Summary

1. **Read tasks.md** to get completion statistics:
   - Count total tasks
   - Count completed subtasks (all \`[x]\` checkboxes)
   - Count completed verification checks (all \`[x] ✓\` checkboxes)

2. **List all reports** created:
   - Implementation reports in \`implementations/\`
   - Verification reports in \`verification/\`

3. **Create summary** in \`implementation-summary.md\`:

\`\`\`markdown
# Implementation Summary

**Spec:** [spec-name]
**Completed:** [timestamp]

## Tasks Completed

[For each task:]
### Task [id]: [title]
- **Status:** ✅ Complete / ⚠️ Complete with Warnings / ❌ Failed
- **Verification:** ✅ PASSED / ⚠️ PASSED WITH WARNINGS ([X] warnings) / ❌ FAILED
- **Implementation:** \`implementations/task-[id]-report.md\`
- **Verification Report:** \`verification/task-[id]-verification.md\`

## Overall Status

✅ [X]/[Y] tasks completed
⚠️ [W] tasks completed with warnings
✅ [Z]/[W] verification checks passed

## Warnings Summary

[If any tasks had warnings, list them here:]
- **Task [id]:** [X] warnings - [brief description]
- **Task [id]:** [Y] warnings - [brief description]

## Next Steps

- Review implementation and verification reports
- Address warnings if needed before merging
- Test the feature manually
- Consider creating a PR
\`\`\`

4. **Display to user**:

\`\`\`
Implementation complete! 🎉

✅ [X]/[Y] tasks completed
⚠️ [W] tasks completed with warnings (if any)
✅ [Z]/[W] verification checks passed

[If any tasks had warnings:]
⚠️ **Warning Summary:**
- Task [id]: [X] warnings
- Task [id]: [Y] warnings

📄 Summary: \`implementation-summary.md\`
📁 Reports: \`implementations/\` and \`verification/\`

👉 Review the reports, address any warnings, and test the feature!
\`\`\`

"
`;
