// Bun Snapshot v1, https://bun.sh/docs/test/snapshots

exports[`command snapshot: /update-context should match snapshot 1`] = `
"---
name: "/update-context"
description: "Update existing context training with new PRs or migrate to new metadata format"
mode: "multi-agent"
dependencies:
  subagents:
    - "context-training/context-migrator"
    - "context-training/pr-fetcher"
    - "context-training/pr-pattern-analyzer"
    - "context-training/pattern-reviewer"
    - "context-training/artifact-generator"
    - "context-training/context-verifier"
    - "context-training/quality-checker"
---

# Purpose

Update existing context-training with format migration and optional PR ingestion.

## Instructions

This process follows 6 sequential phases:

0. **Pre-checks** - Verify devorch version and required subagents
1. **Load Context Training** - Get context-training name from config
2. **Migrate Format** - Update all files to match current schemas (always runs)
3. **Ask About PR Ingestion** - User chooses whether to ingest new PRs
4. **Ingest New PRs** - Analyze PRs and add patterns (if selected)
5. **Report** - Summarize results

**Important:**
1. **Sequential Execution** - Don't skip any phase, or step in the workflow
2. **User Feedback** - Always stop for user feedback, when required
3. **No Nested Commands** - Don't call other slash commands unless explicitly told to


## Error Handling Strategy

**If any subagent fails:**
1. Report the error clearly to the user
2. Offer options:
   - Retry the failed step
   - Skip this step and continue
   - Abort the entire operation
3. Log the error for debugging
4. Don't leave the context-training in an inconsistent state

**Common failure scenarios:**
- **Migrator fails:** Some files may be partially migrated - report which succeeded/failed
- **PR fetcher fails:** GitHub API issues or auth problems - offer to skip PR ingestion
- **Pattern analyzer fails:** Can't parse PRs - offer to retry with different PRs
- **Pattern reviewer fails:** User cancellation - save progress and exit gracefully
- **Artifact generator fails:** Disk write errors - rollback or report incomplete files

## Workflow

### PHASE 0: Pre-checks


#### Check devorch Version

\`\`\`bash
devorch check-version --command /update-context
\`\`\`

The command outputs JSON to stdout:

\`\`\`json
{
  "cli": { "current": "v1.0.0", "latest": "v1.1.0" },
  "templates": { "installed": "v1.0.0", "latest": "v1.1.0" },
  "blocked": false,
  "message": "CLI update available (v1.1.0). Run \`devorch update\` after this task."
}
\`\`\`

Parse the JSON and check the \`blocked\` field:

IF \`blocked\` == false:
  - Show the \`message\` field to the user (if present)
  - CONTINUE with the command

IF \`blocked\` == true:
  - Show the \`message\` field to the user
  - STOP execution - do not proceed with the command

#### Required Subagents

**Before starting**, verify that all required subagents are available in your current profile.

**STOP HERE** if any of the required subagents listed below are not available.

If any subagent is missing, inform the user:

\`\`\`
⚠️ Cannot execute this command - Missing required subagent(s):
[list the missing ones]

This command requires these subagents to function properly. Please ensure your profile includes them.
\`\`\`

**Only proceed** if all required subagents are available.

**Required:**
- context-training/context-migrator
- context-training/pr-fetcher
- context-training/pr-pattern-analyzer
- context-training/pattern-reviewer
- context-training/artifact-generator
- context-training/context-verifier
- context-training/quality-checker


### PHASE 1: Load Context Training from Config

⚠️ **STOP HERE - No context-training configured**

This command requires context-training to be configured in your project.

Context training provides:
- Repository-specific specification guidelines
- Domain-specific implementation patterns
- Available implementers and verifiers

**To set up context training:**
1. Run \`/analyze-tech-stack\` to analyze your codebase
2. Run \`/train-context\` to generate context training
3. Run this command again

**Cannot proceed without context training.**



### PHASE 2: Migrate Format (Always Runs)

**This step always runs automatically to ensure files are in the correct format.**

Inform the user:

"🔄 **Migrating  to latest format...** This may take a moment. ⏳"

**Now use the context-migrator subagent** to migrate all files to the current schema format.

**Pass to context-migrator in your prompt:**

\`\`\`
Context training path: devorch/context-training/

Please migrate all files to match the current schema format.

The migrator will automatically:
1. Read current schemas using: devorch agent get-context-training-schema
2. Migrate implementer files (implementers/*.md) to match implementer schema
3. Migrate verifier files (verifiers/*.md) to match verifier schema
4. Preserve all pattern content and examples

Return in your final response:
- Total count of implementer files migrated
- Total count of verifier files migrated
- Complete list of all files you updated (with paths)
- Any issues encountered or warnings
\`\`\`

The migrator will update all frontmatter to match current schemas and report what was changed.

**After the migrator completes, check if it reported any failures or errors. If so, ask the user:**

Use AskUserQuestion with:
- question: "Migration encountered issues with some files. How would you like to proceed?"
- header: "Migration Issues"
- multiSelect: false
- options:
  1. label: "Continue anyway", description: "Proceed with PR ingestion (you can fix migration issues manually)"
  2. label: "Retry failed files", description: "Re-run migrator on files that failed"
  3. label: "Abort", description: "Stop and review errors"

Based on user selection, either continue to Step 3, retry migration, or exit gracefully.

### PHASE 3: Ask About PR Ingestion

Ask the user if they want to ingest new PRs using AskUserQuestion:

Use the AskUserQuestion tool with:
- **question**: "Would you like to ingest new PRs to add fresh patterns?"
- **header**: "Ingest PRs?"
- **multiSelect**: false
- **options**:
  1. **label**: "Yes", **description**: "Analyze recent PRs and add new patterns to context training"
  2. **label**: "No", **description**: "Skip PR ingestion and finish"

**CRITICAL: STOP HERE and wait for the user's response.**

**Parse user selection:**
- If "Yes" selected: Set \`INGEST_PRS = true\` and continue to Step 4
- If "No" selected: Set \`INGEST_PRS = false\` and skip to Step 5

### PHASE 4: Ingest New PRs (if selected)

**IF \`INGEST_PRS = false\`:** Skip to Step 5

**IF \`INGEST_PRS = true\`:**

#### Step 4a: Fetch New PRs

Launch the **context-training/pr-fetcher** subagent using the Task tool:

\`\`\`markdown
Task tool parameters:
- subagent_type: "context-training/pr-fetcher"
- description: "Fetch merged PRs for context training analysis"
- prompt: "Fetch merged pull requests from this repository for context training.

Follow your workflow to:
1. Verify gh CLI prerequisites
2. Fetch and display repository labels
3. Ask user to select labels for filtering
4. Fetch and categorize PRs by size
5. Ask user to select PR count, timeframe, and size distribution
6. Return filtered PR list with structured JSON output

The user will select which labels and how many PRs to analyze based on what context they want to capture."
\`\`\`

**What the subagent will do:**
- Verify gh CLI and jq are available
- Fetch all repository labels and group them (squad/tribe vs type labels)
- Interactively ask user which labels to filter by
- Fetch merged PRs and categorize by size
- Filter out PRs with >50% net negative changes
- Ask user for PR count (10/25/50/all), timeframe (1/3/6/12 months, all), and size distribution (balanced/favor large/favor medium/proportional)
- Return filtered PR list as structured JSON for downstream analysis

**Output format:**
The subagent returns JSON **in its response message** (NOT written to disk) with:
- \`selection_criteria\`: labels, count, timeframe
- \`prs\`: array of PR objects with metadata
- \`summary\`: counts by size category

**After the subagent completes:**

**IMPORTANT: The subagent returns the PR list as JSON in the Task tool result. Parse the JSON from the Task tool response.**

**Save artifact for reference (commands should specify their own artifact directory):**

The calling command should save the PR JSON to its own artifacts directory for debugging/reference. The workflow uses the in-memory JSON returned by the subagent.


**Save the artifact:**
\`\`\`bash
mkdir -p devorch/.state/artifacts/commands/update-context
echo "$PR_JSON" > devorch/.state/artifacts/commands/update-context/fetched-prs.json
\`\`\`

#### Step 4b: Analyze New PRs

Invoke the \`context-training/pr-pattern-analyzer\` subagent:

\`\`\`
Analyze these PRs for patterns:
{List of PR numbers from Step 4a}

Focus on discovering:
- New implementation patterns not in existing context training
- Changes to existing patterns
- New verification/testing approaches
- Updated conventions or best practices

Return patterns organized by domain.
\`\`\`

The analyzer will:
- Analyze PR diffs and code changes
- Identify new patterns or pattern changes
- Organize by domain (matching existing domains when possible)
- Flag potential new domains

**If analyzer fails (can't parse PRs, rate limits, etc.):**
\`\`\`
❌ Pattern analysis failed: {error message}

PRs that failed to analyze:
- {List of PR numbers that failed}

What would you like to do?
1. Retry analysis with all PRs
2. Skip failed PRs and continue with successful ones
3. Try analyzing fewer PRs at a time
4. Abort PR ingestion

Your choice:
\`\`\`

**CRITICAL: STOP HERE and wait for user's response if analysis failed.**

**If no patterns discovered:**
\`\`\`
ℹ️ No new patterns discovered in the analyzed PRs.

The PRs may contain:
- Only bug fixes with no new patterns
- Changes to files outside the context-training scope
- Refactoring that doesn't introduce new patterns

What would you like to do?
1. Try analyzing different PRs
2. Complete without adding patterns
3. Abort

Your choice:
\`\`\`

**CRITICAL: STOP HERE and wait for user's response.**

#### Step 4c: Review New Patterns

Invoke the \`context-training/pattern-reviewer\` subagent:

\`\`\`
Context training: 
Existing patterns: devorch/context-training//

New patterns discovered:
{Patterns from Step 4b}

Please review these new patterns with the user:
1. Show patterns domain by domain
2. For existing domains: ask if patterns should be added or replace existing
3. For new domains: follow standard domain review process (Steps 3a-3e)
4. Collect user feedback and priorities

Return validated patterns ready for integration.
\`\`\`

The reviewer will:
- Present new patterns alongside existing ones for comparison
- Ask user whether to add, replace, or skip patterns
- Collect verification method updates if new domains
- Return validated pattern set

#### Step 4d: Integrate New Patterns

Invoke the \`context-training/artifact-generator\` subagent:

\`\`\`
Context training: 
Existing files: devorch/context-training//

Validated new patterns:
{Patterns from Step 4c}

Please integrate the new patterns:

1. **For existing domains:**
   - Append new patterns to existing implementer files
   - Maintain existing pattern structure
   - Add note: "Added: {date} from PRs {PR numbers}"

2. **For new domains:**
   - Create new implementer files following standard template
   - Create new verifier files if specified

3. **Update specification.md and implementation.md:**
   - If new patterns affect general guidance, update those files
   - Maintain consistency with domain-specific files

Return list of files created/updated.
\`\`\`

**Extract actual results from artifact-generator's response:**
- Count of files created vs updated
- Specific file paths
- Pattern counts (new vs updated)
- PR numbers that were analyzed

**Display results to user:**
\`\`\`
✅ New patterns integrated!

Updated:
- [actual count] existing implementer files
- [actual count] new implementer files created
- [actual count] verifier files updated/created
[Only include if actually updated:]
- specification.md
- implementation.md

Summary:
- [actual count] new patterns added
- [actual count] patterns updated
- From [actual count] PRs analyzed: #[PR numbers]
\`\`\`

#### Step 4e: Verify and Quality Check

After integrating new patterns, verify the updated context-training files for accuracy and quality.

**Set the context training name:**

\`\`\`bash
CONTEXT_TRAINING_NAME=""
\`\`\`

## Context Verification and Quality Check Loop

This partial implements verification and quality checking with a maximum of 3 iterations. It can be called after context-training artifacts are generated or updated.

**Input expected:**
- \`context_training_name\`: The name of the context training to verify (e.g., "mobile-app")

**Output:**
- INCONSISTENCIES.md report (if issues found)
- Verification and quality status
- List of issues found and fixed

---

### Verification Loop (Max 3 Iterations)

\`\`\`markdown
# Initialize verification state
ITERATION=1
MAX_ITERATIONS=3
VERIFICATION_PASSED=false
QUALITY_PASSED=false
\`\`\`

**Iteration {ITERATION} of {MAX_ITERATIONS}**

#### Step 1: Run Context Verifier

Launch the **context-training/context-verifier** subagent using the Task tool:

\`\`\`markdown
Task tool parameters:
- subagent_type: "context-training/context-verifier"
- description: "Verify context-training files against codebase"
- prompt: "Verify the context-training files for '{context_training_name}' against the actual codebase.

Context training directory: devorch/context-training/{context_training_name}/

Follow your workflow to:
1. Discover all markdown files in the context-training directory
2. Extract verifiable elements (imports, functions, directories, file references)
3. Distinguish between specific references and fictional/illustrative examples
4. Verify specific references against the codebase using Glob/Grep/Read
5. Categorize issues as:
   - CRITICAL: Wrong paths/signatures (auto-fix these)
   - MISMATCH: Different implementation (flag for review)
   - FICTIONAL: Generic/illustrative examples (accept as valid)
6. Auto-fix all critical issues with high confidence
7. Generate INCONSISTENCIES.md report with all findings
8. Return verification-results.json with status and details

This is iteration {ITERATION} of {MAX_ITERATIONS}.

Return the verification status and summary."
\`\`\`

**What the subagent will do:**
- Parse all markdown files in the context-training directory
- Extract code examples and identify verifiable elements
- Use Glob/Grep/Read to verify against codebase
- Auto-fix critical issues (wrong paths, incorrect signatures)
- Categorize mismatches and fictional examples
- Generate detailed INCONSISTENCIES.md report
- Return verification results as JSON

**After the subagent completes:**

Parse the verification results from the Task tool response. The subagent returns JSON with:

\`\`\`json
{
  "verification_status": "PASSED | ISSUES_FOUND | CRITICAL_ERRORS",
  "iteration": 1,
  "summary": {
    "files_checked": 12,
    "verifiable_elements": 156,
    "critical_issues": 3,
    "critical_auto_fixed": 3,
    "mismatches": 5,
    "fictional_accepted": 42,
    "total_issues": 8
  },
  "report_path": "devorch/context-training/{name}/INCONSISTENCIES.md"
}
\`\`\`

#### Step 2: Check Verification Status

**If verification_status === "PASSED":**
- ✅ All verifiable elements are accurate
- Continue to quality checks (Step 3)

**If verification_status === "ISSUES_FOUND":**
- Critical issues were auto-fixed
- Mismatches were flagged for review

**Present results to user:**

\`\`\`
Verification Complete (Iteration {ITERATION})

Status: {emoji} {status_text}

Files Checked: {count}
Critical Issues: {count} (auto-fixed)
Mismatches: {count} (review needed)
Fictional Examples: {count} (accepted)

Report: devorch/context-training/{name}/INCONSISTENCIES.md
\`\`\`

**If mismatches found, ask user:**

Use AskUserQuestion tool:

\`\`\`json
{
  "questions": [
    {
      "question": "Verification found {count} mismatches that need review. How would you like to proceed?",
      "header": "Mismatches",
      "multiSelect": false,
      "options": [
        {
          "label": "Review and fix manually",
          "description": "Stop here so I can review INCONSISTENCIES.md and fix issues myself, then re-run verification"
        },
        {
          "label": "Continue with quality checks",
          "description": "Proceed to quality checking. I'll review mismatches later before final use"
        },
        {
          "label": "Abort verification",
          "description": "Stop verification process. Context training may have accuracy issues"
        }
      ]
    }
  ]
}
\`\`\`

**Based on user response:**

- **"Review and fix manually"**: Stop here, instruct user to:
  1. Review INCONSISTENCIES.md
  2. Fix issues in markdown files
  3. Re-run verification or continue the workflow

- **"Continue with quality checks"**: Proceed to Step 3

- **"Abort verification"**: Exit with warning that context training has unresolved issues

**If verification_status === "CRITICAL_ERRORS":**
- Major issues that couldn't be auto-fixed
- Stop and ask user to review

#### Step 3: Run Quality Checker

Launch the **context-training/quality-checker** subagent using the Task tool:

\`\`\`markdown
Task tool parameters:
- subagent_type: "context-training/quality-checker"
- description: "Check code quality in context-training files"
- prompt: "Analyze code quality in context-training files for '{context_training_name}'.

Context training directory: devorch/context-training/{context_training_name}/

Follow your workflow to:
1. Read all markdown files with code examples
2. Analyze code examples for:
   - Best practices (clear naming, error handling, TypeScript usage)
   - Anti-patterns (god functions, tight coupling, magic numbers)
   - Security issues (hardcoded secrets, injection risks, missing validation)
   - Maintainability (code duplication, unclear intent, overly long examples)
3. Calculate quality scores (0-100) per category
4. Identify critical issues that should be fixed
5. Identify warnings that are recommendations
6. Add findings to INCONSISTENCIES.md report
7. Return quality-results.json

This is iteration {ITERATION} of {MAX_ITERATIONS}.

Return the quality status and scores."
\`\`\`

**What the subagent will do:**
- Parse code examples in all markdown files
- Check against quality criteria
- Calculate quality scores
- Identify critical vs warning issues
- Update INCONSISTENCIES.md with quality findings
- Return quality results as JSON

**After the subagent completes:**

Parse the quality results from the Task tool response. The subagent returns JSON with:

\`\`\`json
{
  "quality_status": "PASSED | WARNINGS | CRITICAL_ISSUES",
  "iteration": 1,
  "scores": {
    "overall": 75,
    "best_practices": 80,
    "security": 60,
    "maintainability": 85,
    "anti_patterns": 90
  },
  "summary": {
    "critical_issues": 1,
    "warnings": 3,
    "files_with_issues": 2
  },
  "report_updated": true
}
\`\`\`

#### Step 4: Check Quality Status

**If quality_status === "PASSED":**
- ✅ All quality checks passed
- No critical issues or warnings
- **Verification complete successfully**
- Exit loop

**If quality_status === "WARNINGS":**
- Quality scores are acceptable but some improvements recommended
- No blocking issues

**Present results to user:**

\`\`\`
Quality Check Complete (Iteration {ITERATION})

Overall Score: {score}/100

Best Practices: {score}/100
Security: {score}/100
Maintainability: {score}/100
Anti-Patterns: {score}/100

Critical Issues: {count}
Warnings: {count}

Updated Report: devorch/context-training/{name}/INCONSISTENCIES.md
\`\`\`

**If warnings only (no critical issues):**

Use AskUserQuestion tool:

\`\`\`json
{
  "questions": [
    {
      "question": "Quality check found {count} warnings (no critical issues). How would you like to proceed?",
      "header": "Quality",
      "multiSelect": false,
      "options": [
        {
          "label": "Accept with warnings",
          "description": "Proceed with context training. Warnings are recommendations, not blockers"
        },
        {
          "label": "Fix and retry",
          "description": "Let me fix the warnings and re-run quality check"
        }
      ]
    }
  ]
}
\`\`\`

**Based on user response:**
- **"Accept with warnings"**: Complete successfully with warnings noted
- **"Fix and retry"**: Increment iteration, fix issues, loop back if under max iterations

**If quality_status === "CRITICAL_ISSUES":**
- Critical quality issues found (security, major anti-patterns)
- Must be addressed

**Present critical issues to user:**

\`\`\`
⚠️ Critical Quality Issues Found

{List critical issues with file/line references}

These issues should be fixed before using this context training.
\`\`\`

Use AskUserQuestion tool:

\`\`\`json
{
  "questions": [
    {
      "question": "Critical quality issues were found. How would you like to proceed?",
      "header": "Critical",
      "multiSelect": false,
      "options": [
        {
          "label": "Fix and retry (Recommended)",
          "description": "Fix critical issues and re-run verification (iteration {next_iteration}/{max_iterations})"
        },
        {
          "label": "Proceed anyway",
          "description": "Accept context training with critical issues. Not recommended for production use"
        },
        {
          "label": "Abort",
          "description": "Stop here. I'll fix issues manually"
        }
      ]
    }
  ]
}
\`\`\`

**Based on user response:**

- **"Fix and retry"**:
  - Increment \`ITERATION\`
  - If \`ITERATION <= MAX_ITERATIONS\`: Loop back to Step 1
  - If \`ITERATION > MAX_ITERATIONS\`: Go to Step 5 (Max Iterations Reached)

- **"Proceed anyway"**:
  - Complete with critical warnings
  - Document that critical issues exist
  - Not recommended for production

- **"Abort"**:
  - Exit verification
  - Provide guidance on fixing issues

#### Step 5: Max Iterations Reached

If \`ITERATION > MAX_ITERATIONS\` and issues still exist:

\`\`\`
⚠️ Maximum Verification Iterations Reached

After {MAX_ITERATIONS} attempts, some issues remain:

Verification Status: {status}
Quality Status: {status}

Report: devorch/context-training/{name}/INCONSISTENCIES.md
\`\`\`

Use AskUserQuestion tool:

\`\`\`json
{
  "questions": [
    {
      "question": "Maximum iterations reached with unresolved issues. How would you like to proceed?",
      "header": "Max Reached",
      "multiSelect": false,
      "options": [
        {
          "label": "Accept with warnings",
          "description": "Use context training as-is. I understand there may be accuracy or quality issues"
        },
        {
          "label": "Abort and fix manually",
          "description": "Stop here. I'll review INCONSISTENCIES.md and fix issues myself"
        }
      ]
    }
  ]
}
\`\`\`

**Based on user response:**
- **"Accept with warnings"**: Complete with documented issues
- **"Abort and fix manually"**: Exit with instructions

---

### Verification Complete

**If all checks passed:**

\`\`\`
✅ Verification and Quality Checks Passed

Context training files are accurate and high quality.

Location: devorch/context-training/{context_training_name}/
Status: Ready to use

No issues found.
\`\`\`

**If completed with warnings:**

\`\`\`
✅ Verification Complete (with warnings)

Context training files have been verified.

Location: devorch/context-training/{context_training_name}/
Report: INCONSISTENCIES.md

{X} warnings noted - see report for details.
These are recommendations, not blocking issues.
\`\`\`

**If completed with critical issues accepted:**

\`\`\`
⚠️ Verification Complete (with critical issues)

Context training files have critical issues:
- {issue 1}
- {issue 2}

Location: devorch/context-training/{context_training_name}/
Report: INCONSISTENCIES.md

⚠️ Not recommended for production use until issues are resolved.
\`\`\`

---

### Next Steps After Verification

Based on the verification outcome, provide appropriate next steps:

**If passed without issues:**
1. Context training is ready to use
2. Configure in devorch/config.local.yml (if not already configured):
   \`\`\`yaml
   profile:
     context_training: {context_training_name}
   \`\`\`
3. Run \`devorch install\` to activate
4. Test with spec or implementation commands

**If completed with warnings:**
1. Review INCONSISTENCIES.md for recommendations
2. Optionally improve patterns based on warnings
3. Context training is still usable as-is
4. Configure and activate as above

**If completed with critical issues:**
1. **Do not use in production** until issues are fixed
2. Review INCONSISTENCIES.md for critical issues
3. Fix security issues and major anti-patterns
4. Re-run verification after fixes
5. Only activate after critical issues are resolved


**After verification completes:**

The updated context-training files have been verified and quality-checked. Any issues found have been reported and addressed according to user preferences.

### PHASE 5: Report

After all operations complete, summarize the results to the user.

Report the migration results (count of files updated) that the context-migrator returned.

If PR ingestion was run, also report:
- Number of new patterns added
- Number of PRs analyzed
- Which domains were updated

Include next steps for the user.
"
`;
